---
source: src/lib/ast.rs
expression: "instruction.operands().iter().map(Operand::value).map(Result::unwrap).collect::<Vec<_>>()"

---
[
    Ident(
        (
            "r0",
            273..275,
        ),
    ),
    Ident(
        (
            "COLS",
            276..280,
        ),
    ),
]
