---
source: simulatron-salt/src/lib/tests.rs
expression: failure

---
CodegenFailure {
    errors: [
        SaltError {
            span: 25..28,
            message: "Operation not applicable to floats.",
        },
        SaltError {
            span: 36..40,
            message: "Symbol references resolve to addresses, which are too large to use here.",
        },
        SaltError {
            span: 51..55,
            message: "Literal too large: expected single byte.",
        },
    ],
    warnings: [],
}
