---
source: simulatron-salt/src/lib/ast.rs
expression: decl.initialiser()

---
Ok(
    (
        [
            Lit {
                value: 2,
                min_reg_type: Byte,
            },
            Lit {
                value: 4,
                min_reg_type: Byte,
            },
            Lit {
                value: 3,
                min_reg_type: Byte,
            },
            Lit {
                value: 6,
                min_reg_type: Byte,
            },
            Lit {
                value: 5,
                min_reg_type: Byte,
            },
            Lit {
                value: 10,
                min_reg_type: Byte,
            },
            Lit {
                value: 7,
                min_reg_type: Byte,
            },
            Lit {
                value: 14,
                min_reg_type: Byte,
            },
            Lit {
                value: 9,
                min_reg_type: Byte,
            },
            Lit {
                value: 18,
                min_reg_type: Byte,
            },
        ],
        [
            5,
            2,
            1,
        ],
    ),
)
