---
source: src/lib/ast.rs
expression: "instruction.operands().iter().map(Operand::value).map(Result::unwrap).collect::<Vec<_>>()"

---
[
    Lit(
        LiteralValue {
            value: 13,
            min_reg_type: Byte,
        },
    ),
    Ident(
        "r0",
    ),
    Ident(
        "greeting",
    ),
]
