---
source: simulatron-salt/src/lib/tests.rs
expression: failure

---
CodegenFailure {
    errors: [
        SaltError {
            span: 0..13,
            message: "Expected 3 operands, but found 2.",
        },
    ],
    warnings: [
        SaltError {
            span: 32..42,
            message: "Float literal being used as an integer.",
        },
    ],
}
